// Jest Snapshot v1, https://goo.gl/fbAQLP

exports[`renders the component 1`] = `
<div>
  <h1
    class="sc-AxjAm hgJWxN"
  >
    SecondaryPage
  </h1>
</div>
`;
