// Jest Snapshot v1, https://goo.gl/fbAQLP

exports[`renders the component 1`] = `
.c0 {
  font-size: 16px;
  font-weight: bold;
  text-transform: uppercase;
}

<div>
  <h1
    class="c0"
  />
</div>
`;
